2026-05-20 11:39:44,734 [INFO] Iniciando migración CMDBuild → NetBox
2026-05-20 11:39:44,734 [INFO] NetBox URL: http://localhost:8000
2026-05-20 11:39:44,735 [INFO] Log: C:\Users\sgonzalez\Desktop\proyectos\Migracion_CMDBuild_NetBox\Aplicación\migration_20260520_113944.log
2026-05-20 11:39:44,787 [INFO] Conexión con NetBox: OK
2026-05-20 11:39:44,787 [INFO] Creando Custom Fields...
2026-05-20 11:39:44,890 [INFO]   Custom Field creado: cf_servicio
2026-05-20 11:39:44,978 [INFO]   Custom Field creado: cf_aplicacion_software
2026-05-20 11:39:45,074 [INFO]   Custom Field creado: cf_docker
2026-05-20 11:39:45,108 [INFO]   Custom Field creado: cf_version
2026-05-20 11:39:45,142 [INFO]   Custom Field creado: cf_url
2026-05-20 11:39:45,176 [INFO]   Custom Field creado: cf_ruta_documentacion
2026-05-20 11:39:45,210 [INFO]   Custom Field creado: cf_uso
2026-05-20 11:39:45,245 [INFO]   Custom Field creado: cf_bbdd
2026-05-20 11:39:45,279 [INFO]   Custom Field creado: cf_servicio_gniv
2026-05-20 11:39:45,316 [INFO]   Custom Field creado: cf_proyecto_cs
2026-05-20 11:39:45,351 [INFO]   Custom Field creado: cf_tamano_u
2026-05-20 11:39:45,385 [INFO]   Custom Field creado: cf_espacio_alm_bck
2026-05-20 11:39:45,421 [INFO]   Custom Field creado: cf_apagado_baja
2026-05-20 11:39:45,458 [INFO]   Custom Field creado: cf_horario
2026-05-20 11:39:45,547 [INFO]   Custom Field creado: cf_tipo_dispositivo
2026-05-20 11:39:45,583 [INFO]   Custom Field creado: cf_tipo_equipo
2026-05-20 11:39:45,617 [INFO]   Custom Field creado: cf_contactos
2026-05-20 11:39:45,651 [INFO]   Custom Field creado: cf_administracion
2026-05-20 11:39:45,684 [INFO]   Custom Field creado: cf_fecha_alta
2026-05-20 11:39:45,717 [INFO]   Custom Field creado: cf_fecha_baja
2026-05-20 11:39:45,754 [INFO]   Custom Field creado: cf_tipo_alojamiento
2026-05-20 11:39:45,986 [INFO]   Cluster creado: Sandetel
2026-05-20 11:39:45,986 [INFO] ============================================================
2026-05-20 11:39:45,987 [INFO] IMPORTANDO APLICACIONES
2026-05-20 11:39:45,987 [INFO] ============================================================
2026-05-20 11:39:46,038 [INFO]   Tag creado: aplicacion
2026-05-20 11:39:46,191 [INFO]   Site creado: PRODUCCION
2026-05-20 11:39:46,368 [INFO]   OK: SANPHP01
2026-05-20 11:39:46,514 [INFO]   OK: SANEXTCL01
2026-05-20 11:39:46,598 [INFO]   OMITIDO (ya existe): SANEXTCL01
2026-05-20 11:39:46,722 [INFO]   OMITIDO (ya existe): SANEXTCL01
2026-05-20 11:39:46,912 [INFO]   OK: SANTAQ01
2026-05-20 11:39:47,020 [INFO]   OMITIDO (ya existe): SANEXTCL01
2026-05-20 11:39:47,113 [INFO]   OMITIDO (ya existe): SANEXTCL01
2026-05-20 11:39:47,204 [INFO]   OMITIDO (ya existe): SANEXTCL01
2026-05-20 11:39:47,288 [INFO]   OMITIDO (ya existe): SANPHP01
2026-05-20 11:39:47,377 [INFO]   OMITIDO (ya existe): SANEXTCL01
2026-05-20 11:39:47,528 [INFO]   OK: SANTI02
2026-05-20 11:39:47,647 [INFO]   OK: SANTI01
2026-05-20 11:39:47,738 [INFO]   OMITIDO (ya existe): SANPHP01
2026-05-20 11:39:47,924 [INFO]   OMITIDO (ya existe): SANPHP01
2026-05-20 11:39:48,058 [INFO]   OMITIDO (ya existe): SANPHP01
2026-05-20 11:39:48,254 [INFO]   OK: SANWAZ01
2026-05-20 11:39:48,340 [INFO]   OMITIDO (ya existe): SANPHP01
2026-05-20 11:39:48,477 [INFO]   OK: SANVDI02
2026-05-20 11:39:48,601 [INFO]   OK: SANNOM01
2026-05-20 11:39:48,689 [INFO]   OMITIDO (ya existe): SANEXTCL01
2026-05-20 11:39:48,814 [INFO]   OK: SANOFI01
2026-05-20 11:39:48,902 [INFO]   OMITIDO (ya existe): SANEXTCL01
2026-05-20 11:39:48,991 [INFO]   OMITIDO (ya existe): SANEXTCL01
2026-05-20 11:39:49,088 [INFO]   OMITIDO (ya existe): SANEXTCL01
2026-05-20 11:39:49,223 [INFO]   OMITIDO (ya existe): SANEXTCL01
2026-05-20 11:39:49,310 [INFO]   OMITIDO (ya existe): SANEXTCL01
2026-05-20 11:39:49,396 [INFO]   OMITIDO (ya existe): SANEXTCL01
2026-05-20 11:39:49,512 [INFO]   Site creado: DESARROLLO
2026-05-20 11:39:49,636 [INFO]   OK: DESSANBI01
2026-05-20 11:39:49,812 [INFO]   OK: DESIVAMAN01
2026-05-20 11:39:49,944 [INFO]   OK: DESSANNOM01
2026-05-20 11:39:50,023 [INFO]   Site creado: Sin entorno
2026-05-20 11:39:50,163 [INFO]   OK: BOLLULLOS
2026-05-20 11:39:50,292 [INFO]   OK: DPSSANVDI01
2026-05-20 11:39:50,419 [INFO]   OK: SANVDI01
2026-05-20 11:39:50,498 [INFO]   Site creado: PREPRODUCCION
2026-05-20 11:39:50,638 [INFO]   OK: PRESANGRE01
2026-05-20 11:39:50,765 [INFO]   OK: SANGRE01
2026-05-20 11:39:50,891 [INFO]   OK: DESSANHVA01
2026-05-20 11:39:51,015 [INFO]   OK: SANHVA01
2026-05-20 11:39:51,138 [INFO]   OK: DESSANNOT01
2026-05-20 11:39:51,277 [INFO]   OK: SANNOT01
2026-05-20 11:39:51,405 [INFO]   OK: DESSANCOM01
2026-05-20 11:39:51,526 [INFO]   OK: DPSSANDIN01
2026-05-20 11:39:51,648 [INFO]   OK: SANDIN01
2026-05-20 11:39:51,775 [INFO]   OK: DESSANLIC01
2026-05-20 11:39:51,905 [INFO]   OK: DPSSANLINC03
2026-05-20 11:39:52,064 [INFO]   OK: DPSSANLINC02
2026-05-20 11:39:52,191 [INFO]   OK: DPSSANLIC01
2026-05-20 11:39:52,325 [INFO]   OK: SANLIC03
2026-05-20 11:39:52,448 [INFO]   OK: SANLIC02
2026-05-20 11:39:52,568 [INFO]   OK: SANLIC01
2026-05-20 11:39:52,685 [INFO]   OK: SANGEM01
2026-05-20 11:39:52,818 [INFO]   OK: DPSALMSAN03
2026-05-20 11:39:52,946 [INFO]   OK: DPSALMSAN02
2026-05-20 11:39:53,074 [INFO]   OK: SANDCO03
2026-05-20 11:39:53,203 [INFO]   OK: SANDCO04
2026-05-20 11:39:53,424 [INFO]   OK: ALMSAN02
2026-05-20 11:39:53,549 [INFO]   OK: ALMSAN01
2026-05-20 11:39:53,667 [INFO]   OK: PRESADNAV02
2026-05-20 11:39:53,786 [INFO]   OK: DESSADNAV02
2026-05-20 11:39:53,913 [INFO]   OK: SADNAV02
2026-05-20 11:39:54,040 [INFO]   OK: SANNPP01
2026-05-20 11:39:54,167 [INFO]   OK: DESSANSEG01
2026-05-20 11:39:54,298 [INFO]   OK: DESSANSEG02
2026-05-20 11:39:54,620 [INFO]   OK: SANSEG04
2026-05-20 11:39:54,744 [INFO]   OK: SANSEG03
2026-05-20 11:39:54,866 [INFO]   OK: SANSEG02
2026-05-20 11:39:54,954 [INFO]   OMITIDO (ya existe): SANSEG02
2026-05-20 11:39:55,050 [INFO]   OMITIDO (ya existe): SANSEG02
2026-05-20 11:39:55,183 [INFO]   OK: DESSANCRM01
2026-05-20 11:39:55,307 [INFO]   OK: SANCRM01
2026-05-20 11:39:55,457 [INFO]   OK: SANGPT01
2026-05-20 11:39:55,597 [INFO]   OK: SANBOD01
2026-05-20 11:39:55,721 [INFO]   OK: SANWSU02
2026-05-20 11:39:55,809 [INFO]   OMITIDO (ya existe): SANSEG04
2026-05-20 11:39:55,895 [INFO]   OMITIDO (ya existe): SANPHP01
2026-05-20 11:39:55,980 [INFO]   OMITIDO (ya existe): SANPHP01
2026-05-20 11:39:56,065 [ERROR]   ERROR: SANOFI01 → {"__all__":["Virtual machine name must be unique per cluster."]}
2026-05-20 11:39:56,220 [INFO]   OMITIDO (ya existe): SANPHP01
2026-05-20 11:39:56,221 [INFO] ============================================================
2026-05-20 11:39:56,221 [INFO] IMPORTANDO SERVICIOS TI
2026-05-20 11:39:56,222 [INFO] ============================================================
2026-05-20 11:39:56,273 [INFO]   Tag creado: servicio-ti
2026-05-20 11:39:56,424 [INFO]   Tenant creado: SDT_ALM
2026-05-20 11:39:56,503 [INFO]   OK: ALMCAP01
2026-05-20 11:39:56,597 [INFO]   OMITIDO (ya existe): ALMSAN01
2026-05-20 11:39:56,688 [INFO]   OMITIDO (ya existe): ALMSAN02
2026-05-20 11:39:56,840 [INFO]   Tenant creado: SDP_PERS
2026-05-20 11:39:56,915 [INFO]   OK: BODET01
2026-05-20 11:39:57,006 [ERROR]   ERROR: BOLLULLOS → {"__all__":["Virtual machine name must be unique per cluster."]}
2026-05-20 11:39:57,183 [INFO]   OK: CATCAB01
2026-05-20 11:39:57,329 [INFO]   Tenant creado: SDT_ADON
2026-05-20 11:39:57,404 [INFO]   Platform creado: Red Hat Enterprise As 5 Up 5
2026-05-20 11:39:57,474 [INFO]   OK: DESALF01
2026-05-20 11:39:57,697 [INFO]   Tenant creado: Sin especificar (PRE)
2026-05-20 11:39:57,764 [INFO]   OK: DESCAB02
2026-05-20 11:39:57,894 [INFO]   Tenant creado: SDT_PERS
2026-05-20 11:39:57,980 [INFO]   Platform creado: Red Hat Enterprise Linux 5 Up 8
2026-05-20 11:39:58,100 [INFO]   OK: DESEMP01
2026-05-20 11:39:58,262 [INFO]   Tenant creado: SDT_DCORP
2026-05-20 11:39:58,327 [INFO]   Platform creado: Red Hat Enterprise Linux 6 Up 6
2026-05-20 11:39:58,400 [INFO]   OK: DESIDEWEB01
2026-05-20 11:39:58,483 [INFO]   OMITIDO (ya existe): DESIVAMAN01
2026-05-20 11:39:58,612 [INFO]   Platform creado: Windows 2003 Server Enterprise R2 Sp2 64
2026-05-20 11:39:58,693 [INFO]   OK: DESSADNAV01
2026-05-20 11:39:58,782 [INFO]   OMITIDO (ya existe): DESSADNAV02
2026-05-20 11:39:58,870 [INFO]   OMITIDO (ya existe): DESSANBI01
2026-05-20 11:39:59,001 [INFO]   OK: DESSANCLO01
2026-05-20 11:39:59,091 [INFO]   OMITIDO (ya existe): DESSANCOM01
2026-05-20 11:39:59,227 [INFO]   Platform creado: Oracle Linux Server 7.2
2026-05-20 11:39:59,314 [INFO]   OK: DESSANCRM01
2026-05-20 11:39:59,467 [INFO]   Tenant creado: SDT_TI
2026-05-20 11:39:59,539 [INFO]   OK: DESSANDSC01
2026-05-20 11:39:59,675 [INFO]   Platform creado: Red Hat Enterprise Linux 7.5
2026-05-20 11:39:59,768 [INFO]   OK: DESSANHVA01
2026-05-20 11:39:59,863 [INFO]   OMITIDO (ya existe): DESSANLIC01
2026-05-20 11:40:00,021 [INFO]   Tenant creado: SDT_JUR
2026-05-20 11:40:00,138 [INFO]   Platform creado: Red Hat Enterprise Linux 7.2
2026-05-20 11:40:00,220 [INFO]   OK: DESSANLIC02
2026-05-20 11:40:00,347 [INFO]   OMITIDO (ya existe): DESSANNOM01
2026-05-20 11:40:00,441 [INFO]   OMITIDO (ya existe): DESSANNOT01
2026-05-20 11:40:00,579 [INFO]   Tenant creado: ABONO P0000
2026-05-20 11:40:00,643 [INFO]   Platform creado: Windows Server 2016 Standard
2026-05-20 11:40:00,717 [INFO]   OK: DESSANPRO01
2026-05-20 11:40:00,813 [INFO]   OMITIDO (ya existe): DESSANSEG01
2026-05-20 11:40:00,899 [INFO]   OMITIDO (ya existe): DESSANSEG02
2026-05-20 11:40:01,038 [INFO]   Tenant creado: SDT_SEG
2026-05-20 11:40:01,105 [INFO]   Platform creado: Suse Linux Enterprise Server 15
2026-05-20 11:40:01,175 [INFO]   OK: DESSANSEG03
2026-05-20 11:40:01,310 [INFO]   Tenant creado: Sin especificar
2026-05-20 11:40:01,376 [INFO]   Platform creado: SUSE Linux Enterprise Server 12 SP3
2026-05-20 11:40:01,450 [INFO]   OK: DESSANSEG04
2026-05-20 11:40:01,578 [INFO]   Platform creado: Windows 2022
2026-05-20 11:40:01,666 [INFO]   OK: DESSANTAQ01
2026-05-20 11:40:01,818 [INFO]   OK: DESSANTI01
2026-05-20 11:40:01,971 [INFO]   OK: DESSANTI02
2026-05-20 11:40:02,113 [INFO]   OK: DESSANTI03
2026-05-20 11:40:02,255 [INFO]   Platform creado: Centos 6.8
2026-05-20 11:40:02,332 [INFO]   OK: DESSANWOR01
2026-05-20 11:40:02,471 [INFO]   Tenant creado: SDT_PDT
2026-05-20 11:40:02,542 [INFO]   OK: DHCP
2026-05-20 11:40:02,673 [INFO]   Platform creado: Debian 7.0
2026-05-20 11:40:02,746 [INFO]   OK: DNSSAN01
2026-05-20 11:40:02,878 [INFO]   Platform creado: Microsoft Windows Server 2022 (64-Bit)
2026-05-20 11:40:02,958 [INFO]   OK: DPSALMSAN02
2026-05-20 11:40:03,094 [INFO]   OK: DPSALMSAN03
2026-05-20 11:40:03,220 [INFO]   Platform creado: Ubuntu 16.04.3
2026-05-20 11:40:03,303 [INFO]   OK: DPSMSWLOG02
2026-05-20 11:40:03,455 [INFO]   Tenant creado: SDT_COMPLIANCE
2026-05-20 11:40:03,542 [INFO]   Platform creado: Oel 7.4
2026-05-20 11:40:03,627 [INFO]   OK: DPSSANDIN01
2026-05-20 11:40:03,721 [INFO]   OMITIDO (ya existe): DPSSANLIC01
2026-05-20 11:40:03,814 [INFO]   OMITIDO (ya existe): DPSSANLINC02
2026-05-20 11:40:03,913 [INFO]   OMITIDO (ya existe): DPSSANLINC03
2026-05-20 11:40:04,058 [INFO]   Platform creado: Red Hat Enterprise 6 Up 58
2026-05-20 11:40:04,140 [INFO]   OK: DPSSANPKI01
2026-05-20 11:40:04,382 [INFO]   Platform creado: Windows 2012 Standard R2
2026-05-20 11:40:04,469 [INFO]   OK: DPSSANVDI01
2026-05-20 11:40:04,604 [INFO]   Platform creado: Centos 6.9
2026-05-20 11:40:04,684 [INFO]   OK: DPSSANWOR01
2026-05-20 11:40:04,830 [INFO]   Tenant creado: SDT_SSII
2026-05-20 11:40:04,910 [INFO]   Platform creado: DEBIAN 6.0
2026-05-20 11:40:04,995 [INFO]   OK: GECOS-SERVER
2026-05-20 11:40:05,428 [INFO]   OK: PANORAMIX
2026-05-20 11:40:05,566 [INFO]   OK: PRESADNAV01
2026-05-20 11:40:05,659 [INFO]   OMITIDO (ya existe): PRESADNAV02
2026-05-20 11:40:05,748 [INFO]   OMITIDO (ya existe): PRESANGRE01
2026-05-20 11:40:05,897 [INFO]   Tenant creado: SDT_NI
2026-05-20 11:40:05,975 [INFO]   OK: SADALF01
2026-05-20 11:40:06,119 [INFO]   OK: SADNAV01
2026-05-20 11:40:06,206 [INFO]   OMITIDO (ya existe): SADNAV02
2026-05-20 11:40:06,337 [INFO]   OK: SANBDTI01
2026-05-20 11:40:06,429 [INFO]   OMITIDO (ya existe): SANBOD01
2026-05-20 11:40:06,597 [INFO]   OK: SANCRM01
2026-05-20 11:40:06,719 [INFO]   Platform creado: Microsoft Windows Server 2012 (64-Bit)
2026-05-20 11:40:06,792 [INFO]   OK: SANDCO01
2026-05-20 11:40:07,006 [INFO]   OK: SANDCO02
2026-05-20 11:40:07,093 [INFO]   OMITIDO (ya existe): SANDCO03
2026-05-20 11:40:07,192 [INFO]   OMITIDO (ya existe): SANDCO04
2026-05-20 11:40:07,282 [INFO]   OMITIDO (ya existe): SANDIN01
2026-05-20 11:40:07,420 [INFO]   Platform creado: Red Hat Enterprise 8.4
2026-05-20 11:40:07,494 [INFO]   OK: SANDOCK01
2026-05-20 11:40:07,587 [INFO]   OMITIDO (ya existe): SANEXTCL01
2026-05-20 11:40:07,718 [INFO]   Platform creado: Red Hat Enterprise Linux 6 Up 4
2026-05-20 11:40:07,794 [INFO]   OK: SANFAC01
2026-05-20 11:40:08,087 [INFO]   OK: SANGAT01
2026-05-20 11:40:08,258 [INFO]   OMITIDO (ya existe): SANGEM01
2026-05-20 11:40:08,357 [INFO]   OMITIDO (ya existe): SANGPT01
2026-05-20 11:40:08,453 [INFO]   OMITIDO (ya existe): SANGRE01
2026-05-20 11:40:08,545 [INFO]   OMITIDO (ya existe): SANHVA01
2026-05-20 11:40:08,683 [INFO]   OK: SANINV01
2026-05-20 11:40:08,812 [INFO]   Platform creado: Windows 2019
2026-05-20 11:40:08,889 [INFO]   OK: SANIVA01
2026-05-20 11:40:09,017 [INFO]   Platform creado: Microsoft Windows Server 2008 R2
2026-05-20 11:40:09,088 [INFO]   OK: SANKAS01
2026-05-20 11:40:09,214 [INFO]   Platform creado: Red Hat Enterprise Linux 9.6
2026-05-20 11:40:09,303 [INFO]   OK: SANKUB01
2026-05-20 11:40:09,446 [INFO]   OK: SANKUB02
2026-05-20 11:40:09,586 [INFO]   OK: SANKUB03
2026-05-20 11:40:09,727 [INFO]   OK: SANKUB04
2026-05-20 11:40:09,866 [INFO]   OK: SANKUB05
2026-05-20 11:40:09,998 [INFO]   OK: SANKUB06
2026-05-20 11:40:10,083 [INFO]   OMITIDO (ya existe): SANLIC01
2026-05-20 11:40:10,182 [INFO]   OMITIDO (ya existe): SANLIC02
2026-05-20 11:40:10,277 [INFO]   OMITIDO (ya existe): SANLIC03
2026-05-20 11:40:10,381 [INFO]   OMITIDO (ya existe): SANNOM01
2026-05-20 11:40:10,485 [INFO]   OMITIDO (ya existe): SANNOT01
2026-05-20 11:40:10,582 [INFO]   OMITIDO (ya existe): SANNPP01
2026-05-20 11:40:10,679 [INFO]   OMITIDO (ya existe): SANOFI01
2026-05-20 11:40:10,770 [INFO]   OMITIDO (ya existe): SANPHP01
2026-05-20 11:40:10,912 [INFO]   OK: SANPKI01
2026-05-20 11:40:11,008 [INFO]   OMITIDO (ya existe): SANSEG02
2026-05-20 11:40:11,099 [INFO]   OMITIDO (ya existe): SANSEG03
2026-05-20 11:40:11,188 [INFO]   OMITIDO (ya existe): SANSEG04
2026-05-20 11:40:11,285 [INFO]   OMITIDO (ya existe): SANTAQ01
2026-05-20 11:40:11,380 [INFO]   OMITIDO (ya existe): SANTI01
2026-05-20 11:40:11,485 [INFO]   OMITIDO (ya existe): SANTI02
2026-05-20 11:40:11,571 [INFO]   OMITIDO (ya existe): SANVDI01
2026-05-20 11:40:11,661 [INFO]   OMITIDO (ya existe): SANVDI02
2026-05-20 11:40:11,754 [INFO]   OMITIDO (ya existe): SANWAZ01
2026-05-20 11:40:11,882 [INFO]   Platform creado: Centos 6
2026-05-20 11:40:11,962 [INFO]   OK: SANWOR01
2026-05-20 11:40:12,267 [INFO]   OMITIDO (ya existe): SANWSU02
2026-05-20 11:40:12,432 [INFO]   Tenant creado: OFIMÁTICA
2026-05-20 11:40:12,523 [INFO]   OK: SWLAN10-PILA HP-OFIMATICA
2026-05-20 11:40:12,524 [INFO] ============================================================
2026-05-20 11:40:12,525 [INFO] RESUMEN DE MIGRACIÓN
2026-05-20 11:40:12,525 [INFO]   Creados:  106
2026-05-20 11:40:12,525 [INFO]   Omitidos: 68
2026-05-20 11:40:12,526 [INFO]   Errores:  2
2026-05-20 11:40:12,526 [INFO]   Log guardado en: C:\Users\sgonzalez\Desktop\proyectos\Migracion_CMDBuild_NetBox\Aplicación\migration_20260520_113944.log
2026-05-20 11:40:12,526 [INFO] ============================================================
