2026-05-28 14:01:47,540 [INFO] Iniciando migración CMDBuild → NetBox
2026-05-28 14:01:47,540 [INFO] Log: C:\Users\sgonzalez\Desktop\Proyectos\Migracion_CMDBuild_NetBox\Aplicación\migration_20260528_140147.log
2026-05-28 14:01:47,595 [INFO] Conexión con NetBox: OK
2026-05-28 14:01:47,596 [INFO] Creando Custom Fields...
2026-05-28 14:01:47,710 [INFO]   Custom Field creado: cf_servicio_gniv
2026-05-28 14:01:47,773 [INFO]   Custom Field creado: cf_proyecto_cs
2026-05-28 14:01:47,818 [INFO]   Custom Field creado: cf_tamano_u
2026-05-28 14:01:47,868 [INFO]   Custom Field creado: cf_espacio_alm_bck
2026-05-28 14:01:47,928 [INFO]   Custom Field creado: cf_apagado_baja
2026-05-28 14:01:47,973 [INFO]   Custom Field creado: cf_horario
2026-05-28 14:01:48,021 [INFO]   Custom Field creado: cf_tipo_dispositivo
2026-05-28 14:01:48,066 [INFO]   Custom Field creado: cf_tipo_equipo
2026-05-28 14:01:48,110 [INFO]   Custom Field creado: cf_contactos
2026-05-28 14:01:48,159 [INFO]   Custom Field creado: cf_administracion
2026-05-28 14:01:48,205 [INFO]   Custom Field creado: cf_fecha_alta
2026-05-28 14:01:48,268 [INFO]   Custom Field creado: cf_fecha_baja
2026-05-28 14:01:48,314 [INFO]   Custom Field creado: cf_tipo_alojamiento
2026-05-28 14:01:48,365 [INFO]   Custom Field creado: cf_servicio
2026-05-28 14:01:48,407 [INFO]   Custom Field creado: cf_aplicacion_software
2026-05-28 14:01:48,452 [INFO]   Custom Field creado: cf_docker
2026-05-28 14:01:48,496 [INFO]   Custom Field creado: cf_version
2026-05-28 14:01:48,539 [INFO]   Custom Field creado: cf_url
2026-05-28 14:01:48,592 [INFO]   Custom Field creado: cf_ruta_documentacion
2026-05-28 14:01:48,648 [INFO]   Custom Field creado: cf_uso
2026-05-28 14:01:48,712 [INFO]   Custom Field creado: cf_bbdd
2026-05-28 14:01:48,761 [INFO]   Custom Field creado: cf_servicio_ti_relacionado
2026-05-28 14:01:48,761 [INFO] Creando objetos base...
2026-05-28 14:01:48,939 [INFO]   Cluster creado: Sandetel-Servicios
2026-05-28 14:01:49,047 [INFO]   Cluster creado: Sandetel-Aplicaciones
2026-05-28 14:01:49,104 [INFO]   Tag creado: servicio-ti
2026-05-28 14:01:49,157 [INFO]   Tag creado: aplicacion
2026-05-28 14:01:49,164 [INFO] ============================================================
2026-05-28 14:01:49,164 [INFO] IMPORTANDO SERVICIOS TI
2026-05-28 14:01:49,164 [INFO] ============================================================
2026-05-28 14:01:49,290 [INFO]   Site creado: PRODUCCION
2026-05-28 14:01:49,398 [INFO]   Tenant creado: SDT_ALM
2026-05-28 14:01:49,910 [INFO]   OK: ALMCAP01
2026-05-28 14:01:50,157 [INFO]   OK: ALMSAN01
2026-05-28 14:01:50,301 [INFO]   OK: ALMSAN02
2026-05-28 14:01:50,394 [INFO]   Tenant creado: SDP_PERS
2026-05-28 14:01:50,537 [INFO]   OK: BODET01
2026-05-28 14:01:50,704 [INFO]   OK: BOLLULLOS
2026-05-28 14:01:50,940 [INFO]   OK: CATCAB01
2026-05-28 14:01:51,059 [INFO]   Site creado: DESARROLLO
2026-05-28 14:01:51,147 [INFO]   Tenant creado: SDT_ADON
2026-05-28 14:01:51,376 [INFO]   OK: DESALF01
2026-05-28 14:01:51,469 [INFO]   Site creado: PREPRODUCCION
2026-05-28 14:01:51,565 [INFO]   Tenant creado: Sin especificar (PRE)
2026-05-28 14:01:51,728 [INFO]   OK: DESCAB02
2026-05-28 14:01:51,814 [INFO]   Tenant creado: SDT_PERS
2026-05-28 14:01:52,081 [INFO]   OK: DESEMP01
2026-05-28 14:01:52,165 [INFO]   Tenant creado: SDT_DCORP
2026-05-28 14:01:52,518 [INFO]   OK: DESIDEWEB01
2026-05-28 14:01:52,627 [INFO]   Tenant creado: SDT_SEG
2026-05-28 14:01:52,862 [INFO]   OK: DESIVAMAN01
2026-05-28 14:01:53,155 [INFO]   OK: DESSADNAV01
2026-05-28 14:01:53,424 [INFO]   OK: DESSADNAV02
2026-05-28 14:01:53,517 [INFO]   Tenant creado: SDT_BIH
2026-05-28 14:01:53,796 [INFO]   OK: DESSANBI01
2026-05-28 14:01:53,969 [INFO]   OK: DESSANCLO01
2026-05-28 14:01:54,187 [INFO]   Tenant creado: SDT_COMPLIANCE
2026-05-28 14:01:54,406 [INFO]   OK: DESSANCOM01
2026-05-28 14:01:54,627 [INFO]   OK: DESSANCRM01
2026-05-28 14:01:54,708 [INFO]   Tenant creado: SDT_TI
2026-05-28 14:01:54,888 [INFO]   OK: DESSANDSC01
2026-05-28 14:01:55,196 [INFO]   OK: DESSANHVA01
2026-05-28 14:01:55,322 [INFO]   Tenant creado: SDT_JUR
2026-05-28 14:01:55,521 [INFO]   OK: DESSANLIC01
2026-05-28 14:01:55,830 [INFO]   OK: DESSANLIC02
2026-05-28 14:01:56,096 [INFO]   OK: DESSANNOM01
2026-05-28 14:01:56,366 [INFO]   OK: DESSANNOT01
2026-05-28 14:01:56,461 [INFO]   Tenant creado: ABONO P0000
2026-05-28 14:01:56,620 [INFO]   OK: DESSANPRO01
2026-05-28 14:01:56,784 [INFO]   OK: DESSANSEG01
2026-05-28 14:01:56,952 [INFO]   OK: DESSANSEG02
2026-05-28 14:01:57,274 [INFO]   OK: DESSANSEG03
2026-05-28 14:01:57,437 [INFO]   Tenant creado: Sin especificar
2026-05-28 14:01:57,709 [INFO]   OK: DESSANSEG04
2026-05-28 14:01:58,126 [INFO]   OK: DESSANTAQ01
2026-05-28 14:01:58,341 [INFO]   OK: DESSANTI01
2026-05-28 14:01:58,524 [INFO]   OK: DESSANTI02
2026-05-28 14:01:58,681 [INFO]   OK: DESSANTI03
2026-05-28 14:01:58,924 [INFO]   OK: DESSANWOR01
2026-05-28 14:01:59,010 [INFO]   Tenant creado: SDT_PDT
2026-05-28 14:01:59,171 [INFO]   OK: DHCP
2026-05-28 14:01:59,394 [INFO]   OK: DNSSAN01
2026-05-28 14:01:59,650 [INFO]   OK: DPSALMSAN02
2026-05-28 14:01:59,805 [INFO]   OK: DPSALMSAN03
2026-05-28 14:02:00,043 [INFO]   OK: DPSMSWLOG02
2026-05-28 14:02:00,213 [INFO]   OK: DPSSANDIN01
2026-05-28 14:02:00,374 [INFO]   OK: DPSSANLIC01
2026-05-28 14:02:00,539 [INFO]   OK: DPSSANLINC02
2026-05-28 14:02:00,698 [INFO]   OK: DPSSANLINC03
2026-05-28 14:02:00,920 [INFO]   OK: DPSSANPKI01
2026-05-28 14:02:01,075 [INFO]   OK: DPSSANVDI01
2026-05-28 14:02:01,304 [INFO]   OK: DPSSANWOR01
2026-05-28 14:02:01,389 [INFO]   Tenant creado: SDT_SSII
2026-05-28 14:02:01,616 [INFO]   OK: GECOS-SERVER
2026-05-28 14:02:01,786 [INFO]   OK: PANORAMIX
2026-05-28 14:02:02,290 [INFO]   OK: PRESADNAV01
2026-05-28 14:02:02,439 [INFO]   OK: PRESADNAV02
2026-05-28 14:02:02,585 [INFO]   OK: PRESANGRE01
2026-05-28 14:02:02,666 [INFO]   Tenant creado: SDT_NI
2026-05-28 14:02:02,833 [INFO]   OK: SADALF01
2026-05-28 14:02:02,987 [INFO]   OK: SADNAV01
2026-05-28 14:02:03,140 [INFO]   OK: SADNAV02
2026-05-28 14:02:03,290 [INFO]   OK: SANBDTI01
2026-05-28 14:02:03,447 [INFO]   OK: SANBOD01
2026-05-28 14:02:03,593 [INFO]   OK: SANCRM01
2026-05-28 14:02:03,753 [INFO]   OK: SANDCO01
2026-05-28 14:02:03,950 [INFO]   OK: SANDCO02
2026-05-28 14:02:04,110 [INFO]   OK: SANDCO03
2026-05-28 14:02:04,259 [INFO]   OK: SANDCO04
2026-05-28 14:02:04,413 [INFO]   OK: SANDIN01
2026-05-28 14:02:04,632 [INFO]   OK: SANDOCK01
2026-05-28 14:02:04,863 [INFO]   OK: SANEXTCL01
2026-05-28 14:02:05,190 [INFO]   OK: SANFAC01
2026-05-28 14:02:05,344 [INFO]   OK: SANGAT01
2026-05-28 14:02:05,569 [INFO]   OK: SANGEM01
2026-05-28 14:02:05,850 [INFO]   OK: SANGPT01
2026-05-28 14:02:06,160 [INFO]   OK: SANGRE01
2026-05-28 14:02:06,403 [INFO]   OK: SANHVA01
2026-05-28 14:02:06,565 [INFO]   OK: SANINV01
2026-05-28 14:02:06,819 [INFO]   OK: SANIVA01
2026-05-28 14:02:07,146 [INFO]   OK: SANKAS01
2026-05-28 14:02:07,388 [INFO]   OK: SANKUB01
2026-05-28 14:02:07,548 [INFO]   OK: SANKUB02
2026-05-28 14:02:07,770 [INFO]   OK: SANKUB03
2026-05-28 14:02:07,935 [INFO]   OK: SANKUB04
2026-05-28 14:02:08,091 [INFO]   OK: SANKUB05
2026-05-28 14:02:08,269 [INFO]   OK: SANKUB06
2026-05-28 14:02:08,512 [INFO]   OK: SANLIC01
2026-05-28 14:02:08,668 [INFO]   OK: SANLIC02
2026-05-28 14:02:08,824 [INFO]   OK: SANLIC03
2026-05-28 14:02:09,007 [INFO]   OK: SANNOM01
2026-05-28 14:02:09,173 [INFO]   OK: SANNOT01
2026-05-28 14:02:09,417 [INFO]   OK: SANNPP01
2026-05-28 14:02:09,571 [INFO]   OK: SANOFI01
2026-05-28 14:02:09,793 [INFO]   OK: SANPHP01
2026-05-28 14:02:09,937 [INFO]   OK: SANPKI01
2026-05-28 14:02:10,084 [INFO]   OK: SANSEG02
2026-05-28 14:02:10,259 [INFO]   OK: SANSEG03
2026-05-28 14:02:10,422 [INFO]   OK: SANSEG04
2026-05-28 14:02:10,595 [INFO]   OK: SANTAQ01
2026-05-28 14:02:10,762 [INFO]   OK: SANTI01
2026-05-28 14:02:10,923 [INFO]   OK: SANTI02
2026-05-28 14:02:11,089 [INFO]   OK: SANVDI01
2026-05-28 14:02:11,251 [INFO]   OK: SANVDI02
2026-05-28 14:02:11,487 [INFO]   OK: SANWAZ01
2026-05-28 14:02:11,705 [INFO]   OK: SANWOR01
2026-05-28 14:02:11,853 [INFO]   OK: SANWSU02
2026-05-28 14:02:11,936 [INFO]   Tenant creado: OFIMÁTICA
2026-05-28 14:02:12,081 [INFO]   OK: SWLAN10-PILA HP-OFIMATICA
2026-05-28 14:02:12,082 [INFO] ============================================================
2026-05-28 14:02:12,082 [INFO] IMPORTANDO APLICACIONES
2026-05-28 14:02:12,083 [INFO] ============================================================
2026-05-28 14:02:12,226 [INFO]   OK: SANPHP01
2026-05-28 14:02:12,383 [INFO]   OK: SANEXTCL01
2026-05-28 14:02:12,490 [INFO]   OMITIDO (ya existe): SANEXTCL01
2026-05-28 14:02:12,597 [INFO]   OMITIDO (ya existe): SANEXTCL01
2026-05-28 14:02:12,751 [INFO]   OK: SANTAQ01
2026-05-28 14:02:12,852 [INFO]   OMITIDO (ya existe): SANEXTCL01
2026-05-28 14:02:13,167 [INFO]   OMITIDO (ya existe): SANEXTCL01
2026-05-28 14:02:13,269 [INFO]   OMITIDO (ya existe): SANEXTCL01
2026-05-28 14:02:13,371 [INFO]   OMITIDO (ya existe): SANPHP01
2026-05-28 14:02:13,480 [INFO]   OMITIDO (ya existe): SANEXTCL01
2026-05-28 14:02:13,618 [INFO]   OK: SANTI02
2026-05-28 14:02:13,764 [INFO]   OK: SANTI01
2026-05-28 14:02:13,852 [INFO]   OMITIDO (ya existe): SANPHP01
2026-05-28 14:02:13,948 [INFO]   OMITIDO (ya existe): SANPHP01
2026-05-28 14:02:14,043 [INFO]   OMITIDO (ya existe): SANPHP01
2026-05-28 14:02:14,183 [INFO]   OK: SANWAZ01
2026-05-28 14:02:14,628 [INFO]   OMITIDO (ya existe): SANPHP01
2026-05-28 14:02:14,773 [INFO]   OK: SANVDI02
2026-05-28 14:02:14,920 [INFO]   OK: SANNOM01
2026-05-28 14:02:15,022 [INFO]   OMITIDO (ya existe): SANEXTCL01
2026-05-28 14:02:15,165 [INFO]   OK: SANOFI01
2026-05-28 14:02:15,262 [INFO]   OMITIDO (ya existe): SANEXTCL01
2026-05-28 14:02:15,359 [INFO]   OMITIDO (ya existe): SANEXTCL01
2026-05-28 14:02:15,452 [INFO]   OMITIDO (ya existe): SANEXTCL01
2026-05-28 14:02:15,554 [INFO]   OMITIDO (ya existe): SANEXTCL01
2026-05-28 14:02:15,714 [INFO]   OMITIDO (ya existe): SANEXTCL01
2026-05-28 14:02:15,812 [INFO]   OMITIDO (ya existe): SANEXTCL01
2026-05-28 14:02:15,950 [INFO]   OK: DESSANBI01
2026-05-28 14:02:16,108 [INFO]   OK: DESIVAMAN01
2026-05-28 14:02:16,331 [INFO]   OK: DESSANNOM01
2026-05-28 14:02:16,422 [INFO]   Site creado: Sin entorno
2026-05-28 14:02:16,567 [INFO]   OK: BOLLULLOS
2026-05-28 14:02:16,742 [INFO]   OK: DPSSANVDI01
2026-05-28 14:02:16,901 [INFO]   OK: SANVDI01
2026-05-28 14:02:17,173 [INFO]   OK: PRESANGRE01
2026-05-28 14:02:17,891 [INFO]   OK: SANGRE01
2026-05-28 14:02:18,105 [INFO]   OK: DESSANHVA01
2026-05-28 14:02:18,277 [INFO]   OK: SANHVA01
2026-05-28 14:02:18,427 [INFO]   OK: DESSANNOT01
2026-05-28 14:02:18,578 [INFO]   OK: SANNOT01
2026-05-28 14:02:18,733 [INFO]   OK: DESSANCOM01
2026-05-28 14:02:18,905 [INFO]   OK: DPSSANDIN01
2026-05-28 14:02:19,059 [INFO]   OK: SANDIN01
2026-05-28 14:02:19,230 [INFO]   OK: DESSANLIC01
2026-05-28 14:02:19,381 [INFO]   OK: DPSSANLINC03
2026-05-28 14:02:19,535 [INFO]   OK: DPSSANLINC02
2026-05-28 14:02:19,755 [INFO]   OK: DPSSANLIC01
2026-05-28 14:02:19,913 [INFO]   OK: SANLIC03
2026-05-28 14:02:20,068 [INFO]   OK: SANLIC02
2026-05-28 14:02:20,204 [INFO]   OK: SANLIC01
2026-05-28 14:02:20,346 [INFO]   OK: SANGEM01
2026-05-28 14:02:20,499 [INFO]   OK: DPSALMSAN03
2026-05-28 14:02:20,639 [INFO]   OK: DPSALMSAN02
2026-05-28 14:02:20,785 [INFO]   OK: SANDCO03
2026-05-28 14:02:20,936 [INFO]   OK: SANDCO04
2026-05-28 14:02:21,071 [INFO]   OK: ALMSAN02
2026-05-28 14:02:21,216 [INFO]   OK: ALMSAN01
2026-05-28 14:02:21,401 [INFO]   OK: PRESADNAV02
2026-05-28 14:02:21,551 [INFO]   OK: DESSADNAV02
2026-05-28 14:02:21,708 [INFO]   OK: SADNAV02
2026-05-28 14:02:21,856 [INFO]   OK: SANNPP01
2026-05-28 14:02:22,006 [INFO]   OK: DESSANSEG01
2026-05-28 14:02:22,185 [INFO]   OK: DESSANSEG02
2026-05-28 14:02:22,329 [INFO]   OK: SANSEG04
2026-05-28 14:02:22,466 [INFO]   OK: SANSEG03
2026-05-28 14:02:22,733 [INFO]   OK: SANSEG02
2026-05-28 14:02:22,835 [INFO]   OMITIDO (ya existe): SANSEG02
2026-05-28 14:02:22,937 [INFO]   OMITIDO (ya existe): SANSEG02
2026-05-28 14:02:23,100 [INFO]   OK: DESSANCRM01
2026-05-28 14:02:23,250 [INFO]   OK: SANCRM01
2026-05-28 14:02:23,395 [INFO]   OK: SANGPT01
2026-05-28 14:02:23,562 [INFO]   OK: SANBOD01
2026-05-28 14:02:23,705 [INFO]   OK: SANWSU02
2026-05-28 14:02:23,805 [INFO]   OMITIDO (ya existe): SANSEG04
2026-05-28 14:02:23,900 [INFO]   OMITIDO (ya existe): SANPHP01
2026-05-28 14:02:23,997 [INFO]   OMITIDO (ya existe): SANPHP01
2026-05-28 14:02:24,100 [INFO]   OMITIDO (ya existe): SANOFI01
2026-05-28 14:02:24,214 [INFO]   OMITIDO (ya existe): SANPHP01
2026-05-28 14:02:24,216 [INFO] ============================================================
2026-05-28 14:02:24,216 [INFO] RESUMEN DE MIGRACIÓN
2026-05-28 14:02:24,216 [INFO]   Creados:  151
2026-05-28 14:02:24,216 [INFO]   Omitidos: 25
2026-05-28 14:02:24,216 [INFO]   Errores:  0
2026-05-28 14:02:24,216 [INFO]   Log:      C:\Users\sgonzalez\Desktop\Proyectos\Migracion_CMDBuild_NetBox\Aplicación\migration_20260528_140147.log
2026-05-28 14:02:24,217 [INFO] ============================================================
